<?xml version="1.0"?>
<link_info>
   <banner>MSP430 Linker PC v15.12.1.LTS</banner>
   <copyright>Copyright (c) 2003-2015 Texas Instruments Incorporated</copyright>
   <link_time>0x57bc58de</link_time>
   <link_errors>0x0</link_errors>
   <output_file>BlinkLED_MSP430FR6989.out</output_file>
   <entry_point>
      <name>_c_int00_noargs_noexit</name>
      <address>0x4400</address>
   </entry_point>
   <input_file_list>
      <input_file id="fl-2">
         <path>.\</path>
         <kind>object</kind>
         <file>main.obj</file>
         <name>main.obj</name>
      </input_file>
      <input_file id="fl-3">
         <path>.\driverlib\MSP430FR5xx_6xx\</path>
         <kind>object</kind>
         <file>adc12_b.obj</file>
         <name>adc12_b.obj</name>
      </input_file>
      <input_file id="fl-4">
         <path>.\driverlib\MSP430FR5xx_6xx\</path>
         <kind>object</kind>
         <file>aes256.obj</file>
         <name>aes256.obj</name>
      </input_file>
      <input_file id="fl-5">
         <path>.\driverlib\MSP430FR5xx_6xx\</path>
         <kind>object</kind>
         <file>comp_e.obj</file>
         <name>comp_e.obj</name>
      </input_file>
      <input_file id="fl-6">
         <path>.\driverlib\MSP430FR5xx_6xx\</path>
         <kind>object</kind>
         <file>crc.obj</file>
         <name>crc.obj</name>
      </input_file>
      <input_file id="fl-7">
         <path>.\driverlib\MSP430FR5xx_6xx\</path>
         <kind>object</kind>
         <file>crc32.obj</file>
         <name>crc32.obj</name>
      </input_file>
      <input_file id="fl-8">
         <path>.\driverlib\MSP430FR5xx_6xx\</path>
         <kind>object</kind>
         <file>cs.obj</file>
         <name>cs.obj</name>
      </input_file>
      <input_file id="fl-9">
         <path>.\driverlib\MSP430FR5xx_6xx\</path>
         <kind>object</kind>
         <file>dma.obj</file>
         <name>dma.obj</name>
      </input_file>
      <input_file id="fl-a">
         <path>.\driverlib\MSP430FR5xx_6xx\</path>
         <kind>object</kind>
         <file>esi.obj</file>
         <name>esi.obj</name>
      </input_file>
      <input_file id="fl-b">
         <path>.\driverlib\MSP430FR5xx_6xx\</path>
         <kind>object</kind>
         <file>eusci_a_spi.obj</file>
         <name>eusci_a_spi.obj</name>
      </input_file>
      <input_file id="fl-c">
         <path>.\driverlib\MSP430FR5xx_6xx\</path>
         <kind>object</kind>
         <file>eusci_a_uart.obj</file>
         <name>eusci_a_uart.obj</name>
      </input_file>
      <input_file id="fl-d">
         <path>.\driverlib\MSP430FR5xx_6xx\</path>
         <kind>object</kind>
         <file>eusci_b_i2c.obj</file>
         <name>eusci_b_i2c.obj</name>
      </input_file>
      <input_file id="fl-e">
         <path>.\driverlib\MSP430FR5xx_6xx\</path>
         <kind>object</kind>
         <file>eusci_b_spi.obj</file>
         <name>eusci_b_spi.obj</name>
      </input_file>
      <input_file id="fl-f">
         <path>.\driverlib\MSP430FR5xx_6xx\</path>
         <kind>object</kind>
         <file>framctl.obj</file>
         <name>framctl.obj</name>
      </input_file>
      <input_file id="fl-10">
         <path>.\driverlib\MSP430FR5xx_6xx\</path>
         <kind>object</kind>
         <file>gpio.obj</file>
         <name>gpio.obj</name>
      </input_file>
      <input_file id="fl-11">
         <path>.\driverlib\MSP430FR5xx_6xx\</path>
         <kind>object</kind>
         <file>lcd_c.obj</file>
         <name>lcd_c.obj</name>
      </input_file>
      <input_file id="fl-12">
         <path>.\driverlib\MSP430FR5xx_6xx\</path>
         <kind>object</kind>
         <file>mpu.obj</file>
         <name>mpu.obj</name>
      </input_file>
      <input_file id="fl-13">
         <path>.\driverlib\MSP430FR5xx_6xx\</path>
         <kind>object</kind>
         <file>mpy32.obj</file>
         <name>mpy32.obj</name>
      </input_file>
      <input_file id="fl-14">
         <path>.\driverlib\MSP430FR5xx_6xx\</path>
         <kind>object</kind>
         <file>pmm.obj</file>
         <name>pmm.obj</name>
      </input_file>
      <input_file id="fl-15">
         <path>.\driverlib\MSP430FR5xx_6xx\</path>
         <kind>object</kind>
         <file>ram.obj</file>
         <name>ram.obj</name>
      </input_file>
      <input_file id="fl-16">
         <path>.\driverlib\MSP430FR5xx_6xx\</path>
         <kind>object</kind>
         <file>ref_a.obj</file>
         <name>ref_a.obj</name>
      </input_file>
      <input_file id="fl-17">
         <path>.\driverlib\MSP430FR5xx_6xx\</path>
         <kind>object</kind>
         <file>rtc_b.obj</file>
         <name>rtc_b.obj</name>
      </input_file>
      <input_file id="fl-18">
         <path>.\driverlib\MSP430FR5xx_6xx\</path>
         <kind>object</kind>
         <file>rtc_c.obj</file>
         <name>rtc_c.obj</name>
      </input_file>
      <input_file id="fl-19">
         <path>.\driverlib\MSP430FR5xx_6xx\</path>
         <kind>object</kind>
         <file>sfr.obj</file>
         <name>sfr.obj</name>
      </input_file>
      <input_file id="fl-1a">
         <path>.\driverlib\MSP430FR5xx_6xx\</path>
         <kind>object</kind>
         <file>sysctl.obj</file>
         <name>sysctl.obj</name>
      </input_file>
      <input_file id="fl-1b">
         <path>.\driverlib\MSP430FR5xx_6xx\</path>
         <kind>object</kind>
         <file>timer_a.obj</file>
         <name>timer_a.obj</name>
      </input_file>
      <input_file id="fl-1c">
         <path>.\driverlib\MSP430FR5xx_6xx\</path>
         <kind>object</kind>
         <file>timer_b.obj</file>
         <name>timer_b.obj</name>
      </input_file>
      <input_file id="fl-1d">
         <path>.\driverlib\MSP430FR5xx_6xx\</path>
         <kind>object</kind>
         <file>tlv.obj</file>
         <name>tlv.obj</name>
      </input_file>
      <input_file id="fl-1e">
         <path>.\driverlib\MSP430FR5xx_6xx\</path>
         <kind>object</kind>
         <file>wdt_a.obj</file>
         <name>wdt_a.obj</name>
      </input_file>
      <input_file id="fl-3f">
         <path>C:\ti\ccsv6\tools\compiler\ti-cgt-msp430_15.12.1.LTS\lib\</path>
         <kind>archive</kind>
         <file>rts430x_lc_rd_eabi.lib</file>
         <name>copy_decompress_none.obj</name>
      </input_file>
      <input_file id="fl-40">
         <path>C:\ti\ccsv6\tools\compiler\ti-cgt-msp430_15.12.1.LTS\lib\</path>
         <kind>archive</kind>
         <file>rts430x_lc_rd_eabi.lib</file>
         <name>copy_decompress_rle.obj</name>
      </input_file>
      <input_file id="fl-41">
         <path>C:\ti\ccsv6\tools\compiler\ti-cgt-msp430_15.12.1.LTS\lib\</path>
         <kind>archive</kind>
         <file>rts430x_lc_rd_eabi.lib</file>
         <name>int27.obj</name>
      </input_file>
      <input_file id="fl-42">
         <path>C:\ti\ccsv6\tools\compiler\ti-cgt-msp430_15.12.1.LTS\lib\</path>
         <kind>archive</kind>
         <file>rts430x_lc_rd_eabi.lib</file>
         <name>isr_trap.obj</name>
      </input_file>
      <input_file id="fl-43">
         <path>C:\ti\ccsv6\tools\compiler\ti-cgt-msp430_15.12.1.LTS\lib\</path>
         <kind>archive</kind>
         <file>rts430x_lc_rd_eabi.lib</file>
         <name>int28.obj</name>
      </input_file>
      <input_file id="fl-44">
         <path>C:\ti\ccsv6\tools\compiler\ti-cgt-msp430_15.12.1.LTS\lib\</path>
         <kind>archive</kind>
         <file>rts430x_lc_rd_eabi.lib</file>
         <name>int29.obj</name>
      </input_file>
      <input_file id="fl-45">
         <path>C:\ti\ccsv6\tools\compiler\ti-cgt-msp430_15.12.1.LTS\lib\</path>
         <kind>archive</kind>
         <file>rts430x_lc_rd_eabi.lib</file>
         <name>int30.obj</name>
      </input_file>
      <input_file id="fl-46">
         <path>C:\ti\ccsv6\tools\compiler\ti-cgt-msp430_15.12.1.LTS\lib\</path>
         <kind>archive</kind>
         <file>rts430x_lc_rd_eabi.lib</file>
         <name>int31.obj</name>
      </input_file>
      <input_file id="fl-47">
         <path>C:\ti\ccsv6\tools\compiler\ti-cgt-msp430_15.12.1.LTS\lib\</path>
         <kind>archive</kind>
         <file>rts430x_lc_rd_eabi.lib</file>
         <name>int32.obj</name>
      </input_file>
      <input_file id="fl-48">
         <path>C:\ti\ccsv6\tools\compiler\ti-cgt-msp430_15.12.1.LTS\lib\</path>
         <kind>archive</kind>
         <file>rts430x_lc_rd_eabi.lib</file>
         <name>int33.obj</name>
      </input_file>
      <input_file id="fl-49">
         <path>C:\ti\ccsv6\tools\compiler\ti-cgt-msp430_15.12.1.LTS\lib\</path>
         <kind>archive</kind>
         <file>rts430x_lc_rd_eabi.lib</file>
         <name>int34.obj</name>
      </input_file>
      <input_file id="fl-4a">
         <path>C:\ti\ccsv6\tools\compiler\ti-cgt-msp430_15.12.1.LTS\lib\</path>
         <kind>archive</kind>
         <file>rts430x_lc_rd_eabi.lib</file>
         <name>int35.obj</name>
      </input_file>
      <input_file id="fl-4b">
         <path>C:\ti\ccsv6\tools\compiler\ti-cgt-msp430_15.12.1.LTS\lib\</path>
         <kind>archive</kind>
         <file>rts430x_lc_rd_eabi.lib</file>
         <name>int36.obj</name>
      </input_file>
      <input_file id="fl-4c">
         <path>C:\ti\ccsv6\tools\compiler\ti-cgt-msp430_15.12.1.LTS\lib\</path>
         <kind>archive</kind>
         <file>rts430x_lc_rd_eabi.lib</file>
         <name>int37.obj</name>
      </input_file>
      <input_file id="fl-4d">
         <path>C:\ti\ccsv6\tools\compiler\ti-cgt-msp430_15.12.1.LTS\lib\</path>
         <kind>archive</kind>
         <file>rts430x_lc_rd_eabi.lib</file>
         <name>int38.obj</name>
      </input_file>
      <input_file id="fl-4e">
         <path>C:\ti\ccsv6\tools\compiler\ti-cgt-msp430_15.12.1.LTS\lib\</path>
         <kind>archive</kind>
         <file>rts430x_lc_rd_eabi.lib</file>
         <name>int39.obj</name>
      </input_file>
      <input_file id="fl-4f">
         <path>C:\ti\ccsv6\tools\compiler\ti-cgt-msp430_15.12.1.LTS\lib\</path>
         <kind>archive</kind>
         <file>rts430x_lc_rd_eabi.lib</file>
         <name>int40.obj</name>
      </input_file>
      <input_file id="fl-50">
         <path>C:\ti\ccsv6\tools\compiler\ti-cgt-msp430_15.12.1.LTS\lib\</path>
         <kind>archive</kind>
         <file>rts430x_lc_rd_eabi.lib</file>
         <name>int41.obj</name>
      </input_file>
      <input_file id="fl-51">
         <path>C:\ti\ccsv6\tools\compiler\ti-cgt-msp430_15.12.1.LTS\lib\</path>
         <kind>archive</kind>
         <file>rts430x_lc_rd_eabi.lib</file>
         <name>int42.obj</name>
      </input_file>
      <input_file id="fl-52">
         <path>C:\ti\ccsv6\tools\compiler\ti-cgt-msp430_15.12.1.LTS\lib\</path>
         <kind>archive</kind>
         <file>rts430x_lc_rd_eabi.lib</file>
         <name>int43.obj</name>
      </input_file>
      <input_file id="fl-53">
         <path>C:\ti\ccsv6\tools\compiler\ti-cgt-msp430_15.12.1.LTS\lib\</path>
         <kind>archive</kind>
         <file>rts430x_lc_rd_eabi.lib</file>
         <name>int44.obj</name>
      </input_file>
      <input_file id="fl-54">
         <path>C:\ti\ccsv6\tools\compiler\ti-cgt-msp430_15.12.1.LTS\lib\</path>
         <kind>archive</kind>
         <file>rts430x_lc_rd_eabi.lib</file>
         <name>int45.obj</name>
      </input_file>
      <input_file id="fl-55">
         <path>C:\ti\ccsv6\tools\compiler\ti-cgt-msp430_15.12.1.LTS\lib\</path>
         <kind>archive</kind>
         <file>rts430x_lc_rd_eabi.lib</file>
         <name>int46.obj</name>
      </input_file>
      <input_file id="fl-56">
         <path>C:\ti\ccsv6\tools\compiler\ti-cgt-msp430_15.12.1.LTS\lib\</path>
         <kind>archive</kind>
         <file>rts430x_lc_rd_eabi.lib</file>
         <name>int47.obj</name>
      </input_file>
      <input_file id="fl-57">
         <path>C:\ti\ccsv6\tools\compiler\ti-cgt-msp430_15.12.1.LTS\lib\</path>
         <kind>archive</kind>
         <file>rts430x_lc_rd_eabi.lib</file>
         <name>int48.obj</name>
      </input_file>
      <input_file id="fl-58">
         <path>C:\ti\ccsv6\tools\compiler\ti-cgt-msp430_15.12.1.LTS\lib\</path>
         <kind>archive</kind>
         <file>rts430x_lc_rd_eabi.lib</file>
         <name>int49.obj</name>
      </input_file>
      <input_file id="fl-59">
         <path>C:\ti\ccsv6\tools\compiler\ti-cgt-msp430_15.12.1.LTS\lib\</path>
         <kind>archive</kind>
         <file>rts430x_lc_rd_eabi.lib</file>
         <name>int50.obj</name>
      </input_file>
      <input_file id="fl-5a">
         <path>C:\ti\ccsv6\tools\compiler\ti-cgt-msp430_15.12.1.LTS\lib\</path>
         <kind>archive</kind>
         <file>rts430x_lc_rd_eabi.lib</file>
         <name>int51.obj</name>
      </input_file>
      <input_file id="fl-5b">
         <path>C:\ti\ccsv6\tools\compiler\ti-cgt-msp430_15.12.1.LTS\lib\</path>
         <kind>archive</kind>
         <file>rts430x_lc_rd_eabi.lib</file>
         <name>int52.obj</name>
      </input_file>
      <input_file id="fl-5c">
         <path>C:\ti\ccsv6\tools\compiler\ti-cgt-msp430_15.12.1.LTS\lib\</path>
         <kind>archive</kind>
         <file>rts430x_lc_rd_eabi.lib</file>
         <name>int53.obj</name>
      </input_file>
      <input_file id="fl-5d">
         <path>C:\ti\ccsv6\tools\compiler\ti-cgt-msp430_15.12.1.LTS\lib\</path>
         <kind>archive</kind>
         <file>rts430x_lc_rd_eabi.lib</file>
         <name>int54.obj</name>
      </input_file>
      <input_file id="fl-5e">
         <path>C:\ti\ccsv6\tools\compiler\ti-cgt-msp430_15.12.1.LTS\lib\</path>
         <kind>archive</kind>
         <file>rts430x_lc_rd_eabi.lib</file>
         <name>copy_zero_init.obj</name>
      </input_file>
      <input_file id="fl-5f">
         <path>C:\ti\ccsv6\tools\compiler\ti-cgt-msp430_15.12.1.LTS\lib\</path>
         <kind>archive</kind>
         <file>rts430x_lc_rd_eabi.lib</file>
         <name>div16s.obj</name>
      </input_file>
      <input_file id="fl-60">
         <path>C:\ti\ccsv6\tools\compiler\ti-cgt-msp430_15.12.1.LTS\lib\</path>
         <kind>archive</kind>
         <file>rts430x_lc_rd_eabi.lib</file>
         <name>div32s.obj</name>
      </input_file>
      <input_file id="fl-61">
         <path>C:\ti\ccsv6\tools\compiler\ti-cgt-msp430_15.12.1.LTS\lib\</path>
         <kind>archive</kind>
         <file>rts430x_lc_rd_eabi.lib</file>
         <name>div16u.obj</name>
      </input_file>
      <input_file id="fl-62">
         <path>C:\ti\ccsv6\tools\compiler\ti-cgt-msp430_15.12.1.LTS\lib\</path>
         <kind>archive</kind>
         <file>rts430x_lc_rd_eabi.lib</file>
         <name>div32u.obj</name>
      </input_file>
      <input_file id="fl-63">
         <path>C:\ti\ccsv6\tools\compiler\ti-cgt-msp430_15.12.1.LTS\lib\</path>
         <kind>archive</kind>
         <file>rts430x_lc_rd_eabi.lib</file>
         <name>mult16_f5hw.obj</name>
      </input_file>
      <input_file id="fl-64">
         <path>C:\ti\ccsv6\tools\compiler\ti-cgt-msp430_15.12.1.LTS\lib\</path>
         <kind>archive</kind>
         <file>rts430x_lc_rd_eabi.lib</file>
         <name>mult32_f5hw.obj</name>
      </input_file>
      <input_file id="fl-65">
         <path>C:\ti\ccsv6\tools\compiler\ti-cgt-msp430_15.12.1.LTS\lib\</path>
         <kind>archive</kind>
         <file>rts430x_lc_rd_eabi.lib</file>
         <name>mult64_f5hw.obj</name>
      </input_file>
      <input_file id="fl-66">
         <path>C:\ti\ccsv6\tools\compiler\ti-cgt-msp430_15.12.1.LTS\lib\</path>
         <kind>archive</kind>
         <file>rts430x_lc_rd_eabi.lib</file>
         <name>mult1632_f5hw.obj</name>
      </input_file>
      <input_file id="fl-67">
         <path>C:\ti\ccsv6\tools\compiler\ti-cgt-msp430_15.12.1.LTS\lib\</path>
         <kind>archive</kind>
         <file>rts430x_lc_rd_eabi.lib</file>
         <name>mult3264_f5hw.obj</name>
      </input_file>
      <input_file id="fl-68">
         <path>C:\ti\ccsv6\tools\compiler\ti-cgt-msp430_15.12.1.LTS\lib\</path>
         <kind>archive</kind>
         <file>rts430x_lc_rd_eabi.lib</file>
         <name>lsl16.obj</name>
      </input_file>
      <input_file id="fl-69">
         <path>C:\ti\ccsv6\tools\compiler\ti-cgt-msp430_15.12.1.LTS\lib\</path>
         <kind>archive</kind>
         <file>rts430x_lc_rd_eabi.lib</file>
         <name>asr16.obj</name>
      </input_file>
      <input_file id="fl-6a">
         <path>C:\ti\ccsv6\tools\compiler\ti-cgt-msp430_15.12.1.LTS\lib\</path>
         <kind>archive</kind>
         <file>rts430x_lc_rd_eabi.lib</file>
         <name>lsr16.obj</name>
      </input_file>
      <input_file id="fl-6b">
         <path>C:\ti\ccsv6\tools\compiler\ti-cgt-msp430_15.12.1.LTS\lib\</path>
         <kind>archive</kind>
         <file>rts430x_lc_rd_eabi.lib</file>
         <name>boot.obj</name>
      </input_file>
      <input_file id="fl-6c">
         <path>C:\ti\ccsv6\tools\compiler\ti-cgt-msp430_15.12.1.LTS\lib\</path>
         <kind>archive</kind>
         <file>rts430x_lc_rd_eabi.lib</file>
         <name>args_main.obj</name>
      </input_file>
      <input_file id="fl-6d">
         <path>C:\ti\ccsv6\tools\compiler\ti-cgt-msp430_15.12.1.LTS\lib\</path>
         <kind>archive</kind>
         <file>rts430x_lc_rd_eabi.lib</file>
         <name>autoinit_wdt.obj</name>
      </input_file>
      <input_file id="fl-6e">
         <path>C:\ti\ccsv6\tools\compiler\ti-cgt-msp430_15.12.1.LTS\lib\</path>
         <kind>archive</kind>
         <file>rts430x_lc_rd_eabi.lib</file>
         <name>boot_special.obj</name>
      </input_file>
      <input_file id="fl-6f">
         <path>C:\ti\ccsv6\tools\compiler\ti-cgt-msp430_15.12.1.LTS\lib\</path>
         <kind>archive</kind>
         <file>rts430x_lc_rd_eabi.lib</file>
         <name>mpu_init.obj</name>
      </input_file>
      <input_file id="fl-70">
         <path>C:\ti\ccsv6\tools\compiler\ti-cgt-msp430_15.12.1.LTS\lib\</path>
         <kind>archive</kind>
         <file>rts430x_lc_rd_eabi.lib</file>
         <name>startup.obj</name>
      </input_file>
      <input_file id="fl-71">
         <path>C:\ti\ccsv6\tools\compiler\ti-cgt-msp430_15.12.1.LTS\lib\</path>
         <kind>archive</kind>
         <file>rts430x_lc_rd_eabi.lib</file>
         <name>pre_init.obj</name>
      </input_file>
      <input_file id="fl-72">
         <path>C:\ti\ccsv6\tools\compiler\ti-cgt-msp430_15.12.1.LTS\lib\</path>
         <kind>archive</kind>
         <file>rts430x_lc_rd_eabi.lib</file>
         <name>exit.obj</name>
      </input_file>
      <input_file id="fl-73">
         <path>C:\ti\ccsv6\tools\compiler\ti-cgt-msp430_15.12.1.LTS\lib\</path>
         <kind>archive</kind>
         <file>rts430x_lc_rd_eabi.lib</file>
         <name>exit_gvars.obj</name>
      </input_file>
      <input_file id="fl-74">
         <path>C:\ti\ccsv6\tools\compiler\ti-cgt-msp430_15.12.1.LTS\lib\</path>
         <kind>archive</kind>
         <file>rts430x_lc_rd_eabi.lib</file>
         <name>_lock.obj</name>
      </input_file>
      <input_file id="fl-75">
         <path>C:\ti\ccsv6\tools\compiler\ti-cgt-msp430_15.12.1.LTS\lib\</path>
         <kind>archive</kind>
         <file>rts430x_lc_rd_eabi.lib</file>
         <name>cpy_tbl.obj</name>
      </input_file>
      <input_file id="fl-76">
         <path>C:\ti\ccsv6\tools\compiler\ti-cgt-msp430_15.12.1.LTS\lib\</path>
         <kind>archive</kind>
         <file>rts430x_lc_rd_eabi.lib</file>
         <name>mult16.obj</name>
      </input_file>
      <input_file id="fl-77">
         <path>C:\ti\ccsv6\tools\compiler\ti-cgt-msp430_15.12.1.LTS\lib\</path>
         <kind>archive</kind>
         <file>rts430x_lc_rd_eabi.lib</file>
         <name>memcpy.obj</name>
      </input_file>
   </input_file_list>
   <object_component_list>
      <object_component id="oc-751">
         <name>.const:GPIO_PORT_TO_BASE</name>
         <load_address>0x4422</load_address>
         <run_address>0x4422</run_address>
         <size>0x1c</size>
         <input_file_ref idref="fl-10"/>
      </object_component>
      <object_component id="oc-bf">
         <name>.text:_isr:_c_int00_noargs_noexit</name>
         <load_address>0x4400</load_address>
         <run_address>0x4400</run_address>
         <size>0x1a</size>
         <input_file_ref idref="fl-6e"/>
      </object_component>
      <object_component id="oc-677">
         <name>.text:_isr:__TI_ISR_TRAP</name>
         <load_address>0x441a</load_address>
         <run_address>0x441a</run_address>
         <size>0x8</size>
         <input_file_ref idref="fl-42"/>
      </object_component>
      <object_component id="oc-689">
         <name>.text:_auto_init_hold_wdt</name>
         <load_address>0x10000</load_address>
         <run_address>0x10000</run_address>
         <size>0x82</size>
         <input_file_ref idref="fl-6d"/>
      </object_component>
      <object_component id="oc-6d3">
         <name>.text:copy_in</name>
         <load_address>0x10082</load_address>
         <run_address>0x10082</run_address>
         <size>0x66</size>
         <input_file_ref idref="fl-75"/>
      </object_component>
      <object_component id="oc-6a3">
         <name>.text:main</name>
         <load_address>0x100e8</load_address>
         <run_address>0x100e8</run_address>
         <size>0x4c</size>
         <input_file_ref idref="fl-2"/>
      </object_component>
      <object_component id="oc-700">
         <name>.text:GPIO_setAsOutputPin</name>
         <load_address>0x10134</load_address>
         <run_address>0x10134</run_address>
         <size>0x34</size>
         <input_file_ref idref="fl-10"/>
      </object_component>
      <object_component id="oc-6fa">
         <name>.text:WDT_A_hold</name>
         <load_address>0x10168</load_address>
         <run_address>0x10168</run_address>
         <size>0x20</size>
         <input_file_ref idref="fl-1e"/>
      </object_component>
      <object_component id="oc-70c">
         <name>.text:GPIO_toggleOutputOnPin</name>
         <load_address>0x10188</load_address>
         <run_address>0x10188</run_address>
         <size>0x1c</size>
         <input_file_ref idref="fl-10"/>
      </object_component>
      <object_component id="oc-71c">
         <name>.text</name>
         <load_address>0x101a4</load_address>
         <run_address>0x101a4</run_address>
         <size>0x18</size>
         <input_file_ref idref="fl-63"/>
      </object_component>
      <object_component id="oc-65d">
         <name>.text:memcpy</name>
         <load_address>0x101bc</load_address>
         <run_address>0x101bc</run_address>
         <size>0x14</size>
         <input_file_ref idref="fl-77"/>
      </object_component>
      <object_component id="oc-706">
         <name>.text:PMM_unlockLPM5</name>
         <load_address>0x101d0</load_address>
         <run_address>0x101d0</run_address>
         <size>0x6</size>
         <input_file_ref idref="fl-14"/>
      </object_component>
      <object_component id="oc-6ab">
         <name>.text:abort</name>
         <load_address>0x101d6</load_address>
         <run_address>0x101d6</run_address>
         <size>0x6</size>
         <input_file_ref idref="fl-72"/>
      </object_component>
      <object_component id="oc-683">
         <name>.text:_system_pre_init</name>
         <load_address>0x101dc</load_address>
         <run_address>0x101dc</run_address>
         <size>0x4</size>
         <input_file_ref idref="fl-71"/>
      </object_component>
      <object_component id="oc-6d9">
         <name>.text:_system_post_cinit</name>
         <load_address>0x101e0</load_address>
         <run_address>0x101e0</run_address>
         <size>0x2</size>
         <input_file_ref idref="fl-70"/>
      </object_component>
      <object_component id="oc-659">
         <name>.stack</name>
         <uninitialized>true</uninitialized>
         <run_address>0x2360</run_address>
         <size>0x4</size>
         <input_file_ref idref="fl-6b"/>
      </object_component>
      <object_component id="oc-7d2">
         <name>.stack</name>
         <uninitialized>true</uninitialized>
         <run_address>0x2360</run_address>
         <size>0x0</size>
      </object_component>
      <object_component id="oc-85">
         <name>.int27</name>
         <load_address>0xffc6</load_address>
         <run_address>0xffc6</run_address>
         <size>0x2</size>
         <input_file_ref idref="fl-41"/>
      </object_component>
      <object_component id="oc-86">
         <name>.int28</name>
         <load_address>0xffc8</load_address>
         <run_address>0xffc8</run_address>
         <size>0x2</size>
         <input_file_ref idref="fl-43"/>
      </object_component>
      <object_component id="oc-87">
         <name>.int29</name>
         <load_address>0xffca</load_address>
         <run_address>0xffca</run_address>
         <size>0x2</size>
         <input_file_ref idref="fl-44"/>
      </object_component>
      <object_component id="oc-88">
         <name>.int30</name>
         <load_address>0xffcc</load_address>
         <run_address>0xffcc</run_address>
         <size>0x2</size>
         <input_file_ref idref="fl-45"/>
      </object_component>
      <object_component id="oc-89">
         <name>.int31</name>
         <load_address>0xffce</load_address>
         <run_address>0xffce</run_address>
         <size>0x2</size>
         <input_file_ref idref="fl-46"/>
      </object_component>
      <object_component id="oc-8a">
         <name>.int32</name>
         <load_address>0xffd0</load_address>
         <run_address>0xffd0</run_address>
         <size>0x2</size>
         <input_file_ref idref="fl-47"/>
      </object_component>
      <object_component id="oc-8b">
         <name>.int33</name>
         <load_address>0xffd2</load_address>
         <run_address>0xffd2</run_address>
         <size>0x2</size>
         <input_file_ref idref="fl-48"/>
      </object_component>
      <object_component id="oc-8c">
         <name>.int34</name>
         <load_address>0xffd4</load_address>
         <run_address>0xffd4</run_address>
         <size>0x2</size>
         <input_file_ref idref="fl-49"/>
      </object_component>
      <object_component id="oc-8d">
         <name>.int35</name>
         <load_address>0xffd6</load_address>
         <run_address>0xffd6</run_address>
         <size>0x2</size>
         <input_file_ref idref="fl-4a"/>
      </object_component>
      <object_component id="oc-8e">
         <name>.int36</name>
         <load_address>0xffd8</load_address>
         <run_address>0xffd8</run_address>
         <size>0x2</size>
         <input_file_ref idref="fl-4b"/>
      </object_component>
      <object_component id="oc-8f">
         <name>.int37</name>
         <load_address>0xffda</load_address>
         <run_address>0xffda</run_address>
         <size>0x2</size>
         <input_file_ref idref="fl-4c"/>
      </object_component>
      <object_component id="oc-90">
         <name>.int38</name>
         <load_address>0xffdc</load_address>
         <run_address>0xffdc</run_address>
         <size>0x2</size>
         <input_file_ref idref="fl-4d"/>
      </object_component>
      <object_component id="oc-91">
         <name>.int39</name>
         <load_address>0xffde</load_address>
         <run_address>0xffde</run_address>
         <size>0x2</size>
         <input_file_ref idref="fl-4e"/>
      </object_component>
      <object_component id="oc-92">
         <name>.int40</name>
         <load_address>0xffe0</load_address>
         <run_address>0xffe0</run_address>
         <size>0x2</size>
         <input_file_ref idref="fl-4f"/>
      </object_component>
      <object_component id="oc-93">
         <name>.int41</name>
         <load_address>0xffe2</load_address>
         <run_address>0xffe2</run_address>
         <size>0x2</size>
         <input_file_ref idref="fl-50"/>
      </object_component>
      <object_component id="oc-94">
         <name>.int42</name>
         <load_address>0xffe4</load_address>
         <run_address>0xffe4</run_address>
         <size>0x2</size>
         <input_file_ref idref="fl-51"/>
      </object_component>
      <object_component id="oc-95">
         <name>.int43</name>
         <load_address>0xffe6</load_address>
         <run_address>0xffe6</run_address>
         <size>0x2</size>
         <input_file_ref idref="fl-52"/>
      </object_component>
      <object_component id="oc-96">
         <name>.int44</name>
         <load_address>0xffe8</load_address>
         <run_address>0xffe8</run_address>
         <size>0x2</size>
         <input_file_ref idref="fl-53"/>
      </object_component>
      <object_component id="oc-97">
         <name>.int45</name>
         <load_address>0xffea</load_address>
         <run_address>0xffea</run_address>
         <size>0x2</size>
         <input_file_ref idref="fl-54"/>
      </object_component>
      <object_component id="oc-98">
         <name>.int46</name>
         <load_address>0xffec</load_address>
         <run_address>0xffec</run_address>
         <size>0x2</size>
         <input_file_ref idref="fl-55"/>
      </object_component>
      <object_component id="oc-99">
         <name>.int47</name>
         <load_address>0xffee</load_address>
         <run_address>0xffee</run_address>
         <size>0x2</size>
         <input_file_ref idref="fl-56"/>
      </object_component>
      <object_component id="oc-9a">
         <name>.int48</name>
         <load_address>0xfff0</load_address>
         <run_address>0xfff0</run_address>
         <size>0x2</size>
         <input_file_ref idref="fl-57"/>
      </object_component>
      <object_component id="oc-9b">
         <name>.int49</name>
         <load_address>0xfff2</load_address>
         <run_address>0xfff2</run_address>
         <size>0x2</size>
         <input_file_ref idref="fl-58"/>
      </object_component>
      <object_component id="oc-9c">
         <name>.int50</name>
         <load_address>0xfff4</load_address>
         <run_address>0xfff4</run_address>
         <size>0x2</size>
         <input_file_ref idref="fl-59"/>
      </object_component>
      <object_component id="oc-9d">
         <name>.int51</name>
         <load_address>0xfff6</load_address>
         <run_address>0xfff6</run_address>
         <size>0x2</size>
         <input_file_ref idref="fl-5a"/>
      </object_component>
      <object_component id="oc-9e">
         <name>.int52</name>
         <load_address>0xfff8</load_address>
         <run_address>0xfff8</run_address>
         <size>0x2</size>
         <input_file_ref idref="fl-5b"/>
      </object_component>
      <object_component id="oc-9f">
         <name>.int53</name>
         <load_address>0xfffa</load_address>
         <run_address>0xfffa</run_address>
         <size>0x2</size>
         <input_file_ref idref="fl-5c"/>
      </object_component>
      <object_component id="oc-a0">
         <name>.int54</name>
         <load_address>0xfffc</load_address>
         <run_address>0xfffc</run_address>
         <size>0x2</size>
         <input_file_ref idref="fl-5d"/>
      </object_component>
      <object_component id="oc-65c">
         <name>.reset</name>
         <load_address>0xfffe</load_address>
         <run_address>0xfffe</run_address>
         <size>0x2</size>
         <input_file_ref idref="fl-6b"/>
      </object_component>
      <object_component id="oc-718">
         <name>.debug_info</name>
         <load_address>0x0</load_address>
         <run_address>0x0</run_address>
         <size>0x20a</size>
         <input_file_ref idref="fl-2"/>
      </object_component>
      <object_component id="oc-6a4">
         <name>.debug_info</name>
         <load_address>0x20a</load_address>
         <run_address>0x20a</run_address>
         <size>0x165</size>
         <input_file_ref idref="fl-2"/>
      </object_component>
      <object_component id="oc-713">
         <name>.debug_info</name>
         <load_address>0x36f</load_address>
         <run_address>0x36f</run_address>
         <size>0x8b</size>
         <input_file_ref idref="fl-2"/>
      </object_component>
      <object_component id="oc-74c">
         <name>.debug_info</name>
         <load_address>0x3fa</load_address>
         <run_address>0x3fa</run_address>
         <size>0x18b</size>
         <input_file_ref idref="fl-2"/>
      </object_component>
      <object_component id="oc-6b9">
         <name>.debug_info</name>
         <load_address>0x585</load_address>
         <run_address>0x585</run_address>
         <size>0x84</size>
         <input_file_ref idref="fl-4"/>
      </object_component>
      <object_component id="oc-768">
         <name>.debug_info</name>
         <load_address>0x609</load_address>
         <run_address>0x609</run_address>
         <size>0x167</size>
         <input_file_ref idref="fl-10"/>
      </object_component>
      <object_component id="oc-752">
         <name>.debug_info</name>
         <load_address>0x770</load_address>
         <run_address>0x770</run_address>
         <size>0x107</size>
         <input_file_ref idref="fl-10"/>
      </object_component>
      <object_component id="oc-701">
         <name>.debug_info</name>
         <load_address>0x877</load_address>
         <run_address>0x877</run_address>
         <size>0x20d</size>
         <input_file_ref idref="fl-10"/>
      </object_component>
      <object_component id="oc-70d">
         <name>.debug_info</name>
         <load_address>0xa84</load_address>
         <run_address>0xa84</run_address>
         <size>0x216</size>
         <input_file_ref idref="fl-10"/>
      </object_component>
      <object_component id="oc-707">
         <name>.debug_info</name>
         <load_address>0xc9a</load_address>
         <run_address>0xc9a</run_address>
         <size>0x15d</size>
         <input_file_ref idref="fl-14"/>
      </object_component>
      <object_component id="oc-6fb">
         <name>.debug_info</name>
         <load_address>0xdf7</load_address>
         <run_address>0xdf7</run_address>
         <size>0x1ba</size>
         <input_file_ref idref="fl-1e"/>
      </object_component>
      <object_component id="oc-678">
         <name>.debug_info</name>
         <load_address>0xfb1</load_address>
         <run_address>0xfb1</run_address>
         <size>0x123</size>
         <input_file_ref idref="fl-42"/>
      </object_component>
      <object_component id="oc-71d">
         <name>.debug_info</name>
         <load_address>0x10d4</load_address>
         <run_address>0x10d4</run_address>
         <size>0x144</size>
         <input_file_ref idref="fl-63"/>
      </object_component>
      <object_component id="oc-65a">
         <name>.debug_info</name>
         <load_address>0x1218</load_address>
         <run_address>0x1218</run_address>
         <size>0x111</size>
         <input_file_ref idref="fl-6b"/>
      </object_component>
      <object_component id="oc-6e0">
         <name>.debug_info</name>
         <load_address>0x1329</load_address>
         <run_address>0x1329</run_address>
         <size>0x411</size>
         <input_file_ref idref="fl-6d"/>
      </object_component>
      <object_component id="oc-68a">
         <name>.debug_info</name>
         <load_address>0x173a</load_address>
         <run_address>0x173a</run_address>
         <size>0x23a</size>
         <input_file_ref idref="fl-6d"/>
      </object_component>
      <object_component id="oc-726">
         <name>.debug_info</name>
         <load_address>0x1974</load_address>
         <run_address>0x1974</run_address>
         <size>0x39</size>
         <input_file_ref idref="fl-6d"/>
      </object_component>
      <object_component id="oc-6e1">
         <name>.debug_info</name>
         <load_address>0x19ad</load_address>
         <run_address>0x19ad</run_address>
         <size>0x2c</size>
         <input_file_ref idref="fl-6d"/>
      </object_component>
      <object_component id="oc-72b">
         <name>.debug_info</name>
         <load_address>0x19d9</load_address>
         <run_address>0x19d9</run_address>
         <size>0xcd</size>
         <input_file_ref idref="fl-6d"/>
      </object_component>
      <object_component id="oc-c0">
         <name>.debug_info</name>
         <load_address>0x1aa6</load_address>
         <run_address>0x1aa6</run_address>
         <size>0x1b2</size>
         <input_file_ref idref="fl-6e"/>
      </object_component>
      <object_component id="oc-6da">
         <name>.debug_info</name>
         <load_address>0x1c58</load_address>
         <run_address>0x1c58</run_address>
         <size>0x161</size>
         <input_file_ref idref="fl-70"/>
      </object_component>
      <object_component id="oc-684">
         <name>.debug_info</name>
         <load_address>0x1db9</load_address>
         <run_address>0x1db9</run_address>
         <size>0x164</size>
         <input_file_ref idref="fl-71"/>
      </object_component>
      <object_component id="oc-6ac">
         <name>.debug_info</name>
         <load_address>0x1f1d</load_address>
         <run_address>0x1f1d</run_address>
         <size>0x133</size>
         <input_file_ref idref="fl-72"/>
      </object_component>
      <object_component id="oc-722">
         <name>.debug_info</name>
         <load_address>0x2050</load_address>
         <run_address>0x2050</run_address>
         <size>0x282</size>
         <input_file_ref idref="fl-75"/>
      </object_component>
      <object_component id="oc-6d4">
         <name>.debug_info</name>
         <load_address>0x22d2</load_address>
         <run_address>0x22d2</run_address>
         <size>0x1cc</size>
         <input_file_ref idref="fl-75"/>
      </object_component>
      <object_component id="oc-75c">
         <name>.debug_info</name>
         <load_address>0x249e</load_address>
         <run_address>0x249e</run_address>
         <size>0x2c</size>
         <input_file_ref idref="fl-75"/>
      </object_component>
      <object_component id="oc-6c0">
         <name>.debug_info</name>
         <load_address>0x24ca</load_address>
         <run_address>0x24ca</run_address>
         <size>0x2c</size>
         <input_file_ref idref="fl-75"/>
      </object_component>
      <object_component id="oc-6bf">
         <name>.debug_info</name>
         <load_address>0x24f6</load_address>
         <run_address>0x24f6</run_address>
         <size>0x198</size>
         <input_file_ref idref="fl-77"/>
      </object_component>
      <object_component id="oc-65e">
         <name>.debug_info</name>
         <load_address>0x268e</load_address>
         <run_address>0x268e</run_address>
         <size>0x1ad</size>
         <input_file_ref idref="fl-77"/>
      </object_component>
      <object_component id="oc-7d5">
         <name>.debug_info</name>
         <load_address>0x283b</load_address>
         <run_address>0x283b</run_address>
         <size>0xae</size>
      </object_component>
      <object_component id="oc-758">
         <name>.debug_line</name>
         <load_address>0x0</load_address>
         <run_address>0x0</run_address>
         <size>0x137</size>
         <input_file_ref idref="fl-2"/>
      </object_component>
      <object_component id="oc-6a7">
         <name>.debug_line</name>
         <load_address>0x137</load_address>
         <run_address>0x137</run_address>
         <size>0x50</size>
         <input_file_ref idref="fl-2"/>
      </object_component>
      <object_component id="oc-716">
         <name>.debug_line</name>
         <load_address>0x187</load_address>
         <run_address>0x187</run_address>
         <size>0x20</size>
         <input_file_ref idref="fl-2"/>
      </object_component>
      <object_component id="oc-74f">
         <name>.debug_line</name>
         <load_address>0x1a7</load_address>
         <run_address>0x1a7</run_address>
         <size>0x69</size>
         <input_file_ref idref="fl-2"/>
      </object_component>
      <object_component id="oc-6bc">
         <name>.debug_line</name>
         <load_address>0x210</load_address>
         <run_address>0x210</run_address>
         <size>0x20</size>
         <input_file_ref idref="fl-4"/>
      </object_component>
      <object_component id="oc-76a">
         <name>.debug_line</name>
         <load_address>0x230</load_address>
         <run_address>0x230</run_address>
         <size>0x20</size>
         <input_file_ref idref="fl-10"/>
      </object_component>
      <object_component id="oc-767">
         <name>.debug_line</name>
         <load_address>0x250</load_address>
         <run_address>0x250</run_address>
         <size>0x47</size>
         <input_file_ref idref="fl-10"/>
      </object_component>
      <object_component id="oc-704">
         <name>.debug_line</name>
         <load_address>0x297</load_address>
         <run_address>0x297</run_address>
         <size>0x68</size>
         <input_file_ref idref="fl-10"/>
      </object_component>
      <object_component id="oc-710">
         <name>.debug_line</name>
         <load_address>0x2ff</load_address>
         <run_address>0x2ff</run_address>
         <size>0x66</size>
         <input_file_ref idref="fl-10"/>
      </object_component>
      <object_component id="oc-70a">
         <name>.debug_line</name>
         <load_address>0x365</load_address>
         <run_address>0x365</run_address>
         <size>0x5c</size>
         <input_file_ref idref="fl-14"/>
      </object_component>
      <object_component id="oc-6fe">
         <name>.debug_line</name>
         <load_address>0x3c1</load_address>
         <run_address>0x3c1</run_address>
         <size>0x60</size>
         <input_file_ref idref="fl-1e"/>
      </object_component>
      <object_component id="oc-67b">
         <name>.debug_line</name>
         <load_address>0x421</load_address>
         <run_address>0x421</run_address>
         <size>0x3d</size>
         <input_file_ref idref="fl-42"/>
      </object_component>
      <object_component id="oc-720">
         <name>.debug_line</name>
         <load_address>0x45e</load_address>
         <run_address>0x45e</run_address>
         <size>0x46</size>
         <input_file_ref idref="fl-63"/>
      </object_component>
      <object_component id="oc-6b8">
         <name>.debug_line</name>
         <load_address>0x4a4</load_address>
         <run_address>0x4a4</run_address>
         <size>0x2a</size>
         <input_file_ref idref="fl-6b"/>
      </object_component>
      <object_component id="oc-725">
         <name>.debug_line</name>
         <load_address>0x4ce</load_address>
         <run_address>0x4ce</run_address>
         <size>0xd6</size>
         <input_file_ref idref="fl-6d"/>
      </object_component>
      <object_component id="oc-68d">
         <name>.debug_line</name>
         <load_address>0x5a4</load_address>
         <run_address>0x5a4</run_address>
         <size>0xa7</size>
         <input_file_ref idref="fl-6d"/>
      </object_component>
      <object_component id="oc-729">
         <name>.debug_line</name>
         <load_address>0x64b</load_address>
         <run_address>0x64b</run_address>
         <size>0x2e</size>
         <input_file_ref idref="fl-6d"/>
      </object_component>
      <object_component id="oc-6e4">
         <name>.debug_line</name>
         <load_address>0x679</load_address>
         <run_address>0x679</run_address>
         <size>0xa5</size>
         <input_file_ref idref="fl-6d"/>
      </object_component>
      <object_component id="oc-72e">
         <name>.debug_line</name>
         <load_address>0x71e</load_address>
         <run_address>0x71e</run_address>
         <size>0xa6</size>
         <input_file_ref idref="fl-6d"/>
      </object_component>
      <object_component id="oc-c3">
         <name>.debug_line</name>
         <load_address>0x7c4</load_address>
         <run_address>0x7c4</run_address>
         <size>0x4c</size>
         <input_file_ref idref="fl-6e"/>
      </object_component>
      <object_component id="oc-6dd">
         <name>.debug_line</name>
         <load_address>0x810</load_address>
         <run_address>0x810</run_address>
         <size>0x3a</size>
         <input_file_ref idref="fl-70"/>
      </object_component>
      <object_component id="oc-687">
         <name>.debug_line</name>
         <load_address>0x84a</load_address>
         <run_address>0x84a</run_address>
         <size>0x3e</size>
         <input_file_ref idref="fl-71"/>
      </object_component>
      <object_component id="oc-6af">
         <name>.debug_line</name>
         <load_address>0x888</load_address>
         <run_address>0x888</run_address>
         <size>0x3d</size>
         <input_file_ref idref="fl-72"/>
      </object_component>
      <object_component id="oc-75b">
         <name>.debug_line</name>
         <load_address>0x8c5</load_address>
         <run_address>0x8c5</run_address>
         <size>0xb3</size>
         <input_file_ref idref="fl-75"/>
      </object_component>
      <object_component id="oc-6d7">
         <name>.debug_line</name>
         <load_address>0x978</load_address>
         <run_address>0x978</run_address>
         <size>0x66</size>
         <input_file_ref idref="fl-75"/>
      </object_component>
      <object_component id="oc-75f">
         <name>.debug_line</name>
         <load_address>0x9de</load_address>
         <run_address>0x9de</run_address>
         <size>0x2e</size>
         <input_file_ref idref="fl-75"/>
      </object_component>
      <object_component id="oc-6c3">
         <name>.debug_line</name>
         <load_address>0xa0c</load_address>
         <run_address>0xa0c</run_address>
         <size>0xa5</size>
         <input_file_ref idref="fl-75"/>
      </object_component>
      <object_component id="oc-71b">
         <name>.debug_line</name>
         <load_address>0xab1</load_address>
         <run_address>0xab1</run_address>
         <size>0x20</size>
         <input_file_ref idref="fl-77"/>
      </object_component>
      <object_component id="oc-661">
         <name>.debug_line</name>
         <load_address>0xad1</load_address>
         <run_address>0xad1</run_address>
         <size>0x45</size>
         <input_file_ref idref="fl-77"/>
      </object_component>
      <object_component id="oc-6a8">
         <name>.debug_frame</name>
         <load_address>0x0</load_address>
         <run_address>0x0</run_address>
         <size>0x4a</size>
         <input_file_ref idref="fl-2"/>
      </object_component>
      <object_component id="oc-705">
         <name>.debug_frame</name>
         <load_address>0x4a</load_address>
         <run_address>0x4a</run_address>
         <size>0x47</size>
         <input_file_ref idref="fl-10"/>
      </object_component>
      <object_component id="oc-711">
         <name>.debug_frame</name>
         <load_address>0x91</load_address>
         <run_address>0x91</run_address>
         <size>0x47</size>
         <input_file_ref idref="fl-10"/>
      </object_component>
      <object_component id="oc-70b">
         <name>.debug_frame</name>
         <load_address>0xd8</load_address>
         <run_address>0xd8</run_address>
         <size>0x47</size>
         <input_file_ref idref="fl-14"/>
      </object_component>
      <object_component id="oc-6ff">
         <name>.debug_frame</name>
         <load_address>0x11f</load_address>
         <run_address>0x11f</run_address>
         <size>0x47</size>
         <input_file_ref idref="fl-1e"/>
      </object_component>
      <object_component id="oc-68e">
         <name>.debug_frame</name>
         <load_address>0x166</load_address>
         <run_address>0x166</run_address>
         <size>0x56</size>
         <input_file_ref idref="fl-6d"/>
      </object_component>
      <object_component id="oc-c4">
         <name>.debug_frame</name>
         <load_address>0x1bc</load_address>
         <run_address>0x1bc</run_address>
         <size>0x42</size>
         <input_file_ref idref="fl-6e"/>
      </object_component>
      <object_component id="oc-6de">
         <name>.debug_frame</name>
         <load_address>0x1fe</load_address>
         <run_address>0x1fe</run_address>
         <size>0x47</size>
         <input_file_ref idref="fl-70"/>
      </object_component>
      <object_component id="oc-688">
         <name>.debug_frame</name>
         <load_address>0x245</load_address>
         <run_address>0x245</run_address>
         <size>0x47</size>
         <input_file_ref idref="fl-71"/>
      </object_component>
      <object_component id="oc-6b0">
         <name>.debug_frame</name>
         <load_address>0x28c</load_address>
         <run_address>0x28c</run_address>
         <size>0x47</size>
         <input_file_ref idref="fl-72"/>
      </object_component>
      <object_component id="oc-6d8">
         <name>.debug_frame</name>
         <load_address>0x2d3</load_address>
         <run_address>0x2d3</run_address>
         <size>0x53</size>
         <input_file_ref idref="fl-75"/>
      </object_component>
      <object_component id="oc-662">
         <name>.debug_frame</name>
         <load_address>0x326</load_address>
         <run_address>0x326</run_address>
         <size>0x47</size>
         <input_file_ref idref="fl-77"/>
      </object_component>
      <object_component id="oc-757">
         <name>.debug_abbrev</name>
         <load_address>0x0</load_address>
         <run_address>0x0</run_address>
         <size>0x85</size>
         <input_file_ref idref="fl-2"/>
      </object_component>
      <object_component id="oc-712">
         <name>.debug_abbrev</name>
         <load_address>0x85</load_address>
         <run_address>0x85</run_address>
         <size>0x62</size>
         <input_file_ref idref="fl-2"/>
      </object_component>
      <object_component id="oc-715">
         <name>.debug_abbrev</name>
         <load_address>0xe7</load_address>
         <run_address>0xe7</run_address>
         <size>0x1f</size>
         <input_file_ref idref="fl-2"/>
      </object_component>
      <object_component id="oc-74e">
         <name>.debug_abbrev</name>
         <load_address>0x106</load_address>
         <run_address>0x106</run_address>
         <size>0x35</size>
         <input_file_ref idref="fl-2"/>
      </object_component>
      <object_component id="oc-6bb">
         <name>.debug_abbrev</name>
         <load_address>0x13b</load_address>
         <run_address>0x13b</run_address>
         <size>0x1f</size>
         <input_file_ref idref="fl-4"/>
      </object_component>
      <object_component id="oc-769">
         <name>.debug_abbrev</name>
         <load_address>0x15a</load_address>
         <run_address>0x15a</run_address>
         <size>0x52</size>
         <input_file_ref idref="fl-10"/>
      </object_component>
      <object_component id="oc-766">
         <name>.debug_abbrev</name>
         <load_address>0x1ac</load_address>
         <run_address>0x1ac</run_address>
         <size>0x27</size>
         <input_file_ref idref="fl-10"/>
      </object_component>
      <object_component id="oc-754">
         <name>.debug_abbrev</name>
         <load_address>0x1d3</load_address>
         <run_address>0x1d3</run_address>
         <size>0x6c</size>
         <input_file_ref idref="fl-10"/>
      </object_component>
      <object_component id="oc-756">
         <name>.debug_abbrev</name>
         <load_address>0x23f</load_address>
         <run_address>0x23f</run_address>
         <size>0x6c</size>
         <input_file_ref idref="fl-10"/>
      </object_component>
      <object_component id="oc-755">
         <name>.debug_abbrev</name>
         <load_address>0x2ab</load_address>
         <run_address>0x2ab</run_address>
         <size>0x50</size>
         <input_file_ref idref="fl-14"/>
      </object_component>
      <object_component id="oc-74b">
         <name>.debug_abbrev</name>
         <load_address>0x2fb</load_address>
         <run_address>0x2fb</run_address>
         <size>0x6c</size>
         <input_file_ref idref="fl-1e"/>
      </object_component>
      <object_component id="oc-6cf">
         <name>.debug_abbrev</name>
         <load_address>0x367</load_address>
         <run_address>0x367</run_address>
         <size>0x28</size>
         <input_file_ref idref="fl-42"/>
      </object_component>
      <object_component id="oc-759">
         <name>.debug_abbrev</name>
         <load_address>0x38f</load_address>
         <run_address>0x38f</run_address>
         <size>0x3c</size>
         <input_file_ref idref="fl-63"/>
      </object_component>
      <object_component id="oc-6b7">
         <name>.debug_abbrev</name>
         <load_address>0x3cb</load_address>
         <run_address>0x3cb</run_address>
         <size>0x29</size>
         <input_file_ref idref="fl-6b"/>
      </object_component>
      <object_component id="oc-724">
         <name>.debug_abbrev</name>
         <load_address>0x3f4</load_address>
         <run_address>0x3f4</run_address>
         <size>0xcb</size>
         <input_file_ref idref="fl-6d"/>
      </object_component>
      <object_component id="oc-6df">
         <name>.debug_abbrev</name>
         <load_address>0x4bf</load_address>
         <run_address>0x4bf</run_address>
         <size>0x7e</size>
         <input_file_ref idref="fl-6d"/>
      </object_component>
      <object_component id="oc-728">
         <name>.debug_abbrev</name>
         <load_address>0x53d</load_address>
         <run_address>0x53d</run_address>
         <size>0x24</size>
         <input_file_ref idref="fl-6d"/>
      </object_component>
      <object_component id="oc-6e3">
         <name>.debug_abbrev</name>
         <load_address>0x561</load_address>
         <run_address>0x561</run_address>
         <size>0x24</size>
         <input_file_ref idref="fl-6d"/>
      </object_component>
      <object_component id="oc-72d">
         <name>.debug_abbrev</name>
         <load_address>0x585</load_address>
         <run_address>0x585</run_address>
         <size>0x4b</size>
         <input_file_ref idref="fl-6d"/>
      </object_component>
      <object_component id="oc-6b1">
         <name>.debug_abbrev</name>
         <load_address>0x5d0</load_address>
         <run_address>0x5d0</run_address>
         <size>0x58</size>
         <input_file_ref idref="fl-6e"/>
      </object_component>
      <object_component id="oc-723">
         <name>.debug_abbrev</name>
         <load_address>0x628</load_address>
         <run_address>0x628</run_address>
         <size>0x53</size>
         <input_file_ref idref="fl-70"/>
      </object_component>
      <object_component id="oc-6d2">
         <name>.debug_abbrev</name>
         <load_address>0x67b</load_address>
         <run_address>0x67b</run_address>
         <size>0x55</size>
         <input_file_ref idref="fl-71"/>
      </object_component>
      <object_component id="oc-719">
         <name>.debug_abbrev</name>
         <load_address>0x6d0</load_address>
         <run_address>0x6d0</run_address>
         <size>0x45</size>
         <input_file_ref idref="fl-72"/>
      </object_component>
      <object_component id="oc-75a">
         <name>.debug_abbrev</name>
         <load_address>0x715</load_address>
         <run_address>0x715</run_address>
         <size>0xb2</size>
         <input_file_ref idref="fl-75"/>
      </object_component>
      <object_component id="oc-721">
         <name>.debug_abbrev</name>
         <load_address>0x7c7</load_address>
         <run_address>0x7c7</run_address>
         <size>0x8c</size>
         <input_file_ref idref="fl-75"/>
      </object_component>
      <object_component id="oc-75e">
         <name>.debug_abbrev</name>
         <load_address>0x853</load_address>
         <run_address>0x853</run_address>
         <size>0x24</size>
         <input_file_ref idref="fl-75"/>
      </object_component>
      <object_component id="oc-6c2">
         <name>.debug_abbrev</name>
         <load_address>0x877</load_address>
         <run_address>0x877</run_address>
         <size>0x24</size>
         <input_file_ref idref="fl-75"/>
      </object_component>
      <object_component id="oc-71a">
         <name>.debug_abbrev</name>
         <load_address>0x89b</load_address>
         <run_address>0x89b</run_address>
         <size>0x49</size>
         <input_file_ref idref="fl-77"/>
      </object_component>
      <object_component id="oc-6be">
         <name>.debug_abbrev</name>
         <load_address>0x8e4</load_address>
         <run_address>0x8e4</run_address>
         <size>0x71</size>
         <input_file_ref idref="fl-77"/>
      </object_component>
      <object_component id="oc-7d6">
         <name>.debug_abbrev</name>
         <load_address>0x955</load_address>
         <run_address>0x955</run_address>
         <size>0xf</size>
      </object_component>
      <object_component id="oc-717">
         <name>.debug_str</name>
         <load_address>0x0</load_address>
         <run_address>0x0</run_address>
         <size>0xfb</size>
         <input_file_ref idref="fl-2"/>
      </object_component>
      <object_component id="oc-750">
         <name>.debug_str</name>
         <load_address>0xfb</load_address>
         <run_address>0xfb</run_address>
         <size>0x229</size>
         <input_file_ref idref="fl-2"/>
      </object_component>
      <object_component id="oc-6bd">
         <name>.debug_str</name>
         <load_address>0x324</load_address>
         <run_address>0x324</run_address>
         <size>0xfb</size>
         <input_file_ref idref="fl-4"/>
      </object_component>
      <object_component id="oc-72a">
         <name>.debug_str</name>
         <load_address>0x41f</load_address>
         <run_address>0x41f</run_address>
         <size>0xfe</size>
         <input_file_ref idref="fl-6d"/>
      </object_component>
      <object_component id="oc-6e5">
         <name>.debug_str</name>
         <load_address>0x51d</load_address>
         <run_address>0x51d</run_address>
         <size>0x166</size>
         <input_file_ref idref="fl-6d"/>
      </object_component>
      <object_component id="oc-72f">
         <name>.debug_str</name>
         <load_address>0x683</load_address>
         <run_address>0x683</run_address>
         <size>0x1bb</size>
         <input_file_ref idref="fl-6d"/>
      </object_component>
      <object_component id="oc-760">
         <name>.debug_str</name>
         <load_address>0x83e</load_address>
         <run_address>0x83e</run_address>
         <size>0xf3</size>
         <input_file_ref idref="fl-75"/>
      </object_component>
      <object_component id="oc-6c4">
         <name>.debug_str</name>
         <load_address>0x931</load_address>
         <run_address>0x931</run_address>
         <size>0x164</size>
         <input_file_ref idref="fl-75"/>
      </object_component>
      <object_component id="oc-6a5">
         <name>.debug_aranges</name>
         <load_address>0x0</load_address>
         <run_address>0x0</run_address>
         <size>0x20</size>
         <input_file_ref idref="fl-2"/>
      </object_component>
      <object_component id="oc-702">
         <name>.debug_aranges</name>
         <load_address>0x20</load_address>
         <run_address>0x20</run_address>
         <size>0x20</size>
         <input_file_ref idref="fl-10"/>
      </object_component>
      <object_component id="oc-70e">
         <name>.debug_aranges</name>
         <load_address>0x40</load_address>
         <run_address>0x40</run_address>
         <size>0x20</size>
         <input_file_ref idref="fl-10"/>
      </object_component>
      <object_component id="oc-708">
         <name>.debug_aranges</name>
         <load_address>0x60</load_address>
         <run_address>0x60</run_address>
         <size>0x20</size>
         <input_file_ref idref="fl-14"/>
      </object_component>
      <object_component id="oc-6fc">
         <name>.debug_aranges</name>
         <load_address>0x80</load_address>
         <run_address>0x80</run_address>
         <size>0x20</size>
         <input_file_ref idref="fl-1e"/>
      </object_component>
      <object_component id="oc-679">
         <name>.debug_aranges</name>
         <load_address>0xa0</load_address>
         <run_address>0xa0</run_address>
         <size>0x20</size>
         <input_file_ref idref="fl-42"/>
      </object_component>
      <object_component id="oc-71e">
         <name>.debug_aranges</name>
         <load_address>0xc0</load_address>
         <run_address>0xc0</run_address>
         <size>0x20</size>
         <input_file_ref idref="fl-63"/>
      </object_component>
      <object_component id="oc-68b">
         <name>.debug_aranges</name>
         <load_address>0xe0</load_address>
         <run_address>0xe0</run_address>
         <size>0x20</size>
         <input_file_ref idref="fl-6d"/>
      </object_component>
      <object_component id="oc-c1">
         <name>.debug_aranges</name>
         <load_address>0x100</load_address>
         <run_address>0x100</run_address>
         <size>0x20</size>
         <input_file_ref idref="fl-6e"/>
      </object_component>
      <object_component id="oc-6db">
         <name>.debug_aranges</name>
         <load_address>0x120</load_address>
         <run_address>0x120</run_address>
         <size>0x20</size>
         <input_file_ref idref="fl-70"/>
      </object_component>
      <object_component id="oc-685">
         <name>.debug_aranges</name>
         <load_address>0x140</load_address>
         <run_address>0x140</run_address>
         <size>0x20</size>
         <input_file_ref idref="fl-71"/>
      </object_component>
      <object_component id="oc-6ad">
         <name>.debug_aranges</name>
         <load_address>0x160</load_address>
         <run_address>0x160</run_address>
         <size>0x20</size>
         <input_file_ref idref="fl-72"/>
      </object_component>
      <object_component id="oc-6d5">
         <name>.debug_aranges</name>
         <load_address>0x180</load_address>
         <run_address>0x180</run_address>
         <size>0x20</size>
         <input_file_ref idref="fl-75"/>
      </object_component>
      <object_component id="oc-65f">
         <name>.debug_aranges</name>
         <load_address>0x1a0</load_address>
         <run_address>0x1a0</run_address>
         <size>0x20</size>
         <input_file_ref idref="fl-77"/>
      </object_component>
      <object_component id="oc-6a6">
         <name>.debug_pubnames</name>
         <load_address>0x0</load_address>
         <run_address>0x0</run_address>
         <size>0x1b</size>
         <input_file_ref idref="fl-2"/>
      </object_component>
      <object_component id="oc-753">
         <name>.debug_pubnames</name>
         <load_address>0x1b</load_address>
         <run_address>0x1b</run_address>
         <size>0x28</size>
         <input_file_ref idref="fl-10"/>
      </object_component>
      <object_component id="oc-703">
         <name>.debug_pubnames</name>
         <load_address>0x43</load_address>
         <run_address>0x43</run_address>
         <size>0x2a</size>
         <input_file_ref idref="fl-10"/>
      </object_component>
      <object_component id="oc-70f">
         <name>.debug_pubnames</name>
         <load_address>0x6d</load_address>
         <run_address>0x6d</run_address>
         <size>0x2d</size>
         <input_file_ref idref="fl-10"/>
      </object_component>
      <object_component id="oc-709">
         <name>.debug_pubnames</name>
         <load_address>0x9a</load_address>
         <run_address>0x9a</run_address>
         <size>0x25</size>
         <input_file_ref idref="fl-14"/>
      </object_component>
      <object_component id="oc-6fd">
         <name>.debug_pubnames</name>
         <load_address>0xbf</load_address>
         <run_address>0xbf</run_address>
         <size>0x21</size>
         <input_file_ref idref="fl-1e"/>
      </object_component>
      <object_component id="oc-67a">
         <name>.debug_pubnames</name>
         <load_address>0xe0</load_address>
         <run_address>0xe0</run_address>
         <size>0x2b</size>
         <input_file_ref idref="fl-42"/>
      </object_component>
      <object_component id="oc-71f">
         <name>.debug_pubnames</name>
         <load_address>0x10b</load_address>
         <run_address>0x10b</run_address>
         <size>0x29</size>
         <input_file_ref idref="fl-63"/>
      </object_component>
      <object_component id="oc-65b">
         <name>.debug_pubnames</name>
         <load_address>0x134</load_address>
         <run_address>0x134</run_address>
         <size>0x1d</size>
         <input_file_ref idref="fl-6b"/>
      </object_component>
      <object_component id="oc-68c">
         <name>.debug_pubnames</name>
         <load_address>0x151</load_address>
         <run_address>0x151</run_address>
         <size>0x2a</size>
         <input_file_ref idref="fl-6d"/>
      </object_component>
      <object_component id="oc-c2">
         <name>.debug_pubnames</name>
         <load_address>0x17b</load_address>
         <run_address>0x17b</run_address>
         <size>0x2d</size>
         <input_file_ref idref="fl-6e"/>
      </object_component>
      <object_component id="oc-6dc">
         <name>.debug_pubnames</name>
         <load_address>0x1a8</load_address>
         <run_address>0x1a8</run_address>
         <size>0x29</size>
         <input_file_ref idref="fl-70"/>
      </object_component>
      <object_component id="oc-686">
         <name>.debug_pubnames</name>
         <load_address>0x1d1</load_address>
         <run_address>0x1d1</run_address>
         <size>0x27</size>
         <input_file_ref idref="fl-71"/>
      </object_component>
      <object_component id="oc-6ae">
         <name>.debug_pubnames</name>
         <load_address>0x1f8</load_address>
         <run_address>0x1f8</run_address>
         <size>0x1c</size>
         <input_file_ref idref="fl-72"/>
      </object_component>
      <object_component id="oc-6d6">
         <name>.debug_pubnames</name>
         <load_address>0x214</load_address>
         <run_address>0x214</run_address>
         <size>0x1e</size>
         <input_file_ref idref="fl-75"/>
      </object_component>
      <object_component id="oc-660">
         <name>.debug_pubnames</name>
         <load_address>0x232</load_address>
         <run_address>0x232</run_address>
         <size>0x1d</size>
         <input_file_ref idref="fl-77"/>
      </object_component>
      <object_component id="oc-714">
         <name>.debug_pubtypes</name>
         <load_address>0x0</load_address>
         <run_address>0x0</run_address>
         <size>0xff</size>
         <input_file_ref idref="fl-2"/>
      </object_component>
      <object_component id="oc-74d">
         <name>.debug_pubtypes</name>
         <load_address>0xff</load_address>
         <run_address>0xff</run_address>
         <size>0x1c6</size>
         <input_file_ref idref="fl-2"/>
      </object_component>
      <object_component id="oc-6ba">
         <name>.debug_pubtypes</name>
         <load_address>0x2c5</load_address>
         <run_address>0x2c5</run_address>
         <size>0xed</size>
         <input_file_ref idref="fl-4"/>
      </object_component>
      <object_component id="oc-727">
         <name>.debug_pubtypes</name>
         <load_address>0x3b2</load_address>
         <run_address>0x3b2</run_address>
         <size>0x32</size>
         <input_file_ref idref="fl-6d"/>
      </object_component>
      <object_component id="oc-6e2">
         <name>.debug_pubtypes</name>
         <load_address>0x3e4</load_address>
         <run_address>0x3e4</run_address>
         <size>0x1f</size>
         <input_file_ref idref="fl-6d"/>
      </object_component>
      <object_component id="oc-72c">
         <name>.debug_pubtypes</name>
         <load_address>0x403</load_address>
         <run_address>0x403</run_address>
         <size>0x50</size>
         <input_file_ref idref="fl-6d"/>
      </object_component>
      <object_component id="oc-75d">
         <name>.debug_pubtypes</name>
         <load_address>0x453</load_address>
         <run_address>0x453</run_address>
         <size>0x23</size>
         <input_file_ref idref="fl-75"/>
      </object_component>
      <object_component id="oc-6c1">
         <name>.debug_pubtypes</name>
         <load_address>0x476</load_address>
         <run_address>0x476</run_address>
         <size>0x1d</size>
         <input_file_ref idref="fl-75"/>
      </object_component>
   </object_component_list>
   <logical_group_list>
      <logical_group id="lg-4" display="no" color="cyan">
         <name>.TI.persistent</name>
         <run_address>0x4400</run_address>
         <size>0x0</size>
         <contents>
         </contents>
      </logical_group>
      <logical_group id="lg-5" display="no" color="cyan">
         <name>.cio</name>
         <run_address>0x4400</run_address>
         <size>0x0</size>
         <contents>
         </contents>
      </logical_group>
      <logical_group id="lg-6" display="no" color="cyan">
         <name>.sysmem</name>
         <run_address>0x4400</run_address>
         <size>0x0</size>
         <contents>
         </contents>
      </logical_group>
      <logical_group id="lg-3" display="no" color="cyan">
         <name>READ_WRITE_MEMORY</name>
         <run_address>0x4400</run_address>
         <size>0x0</size>
         <contents>
            <logical_group_ref idref="lg-4"/>
            <logical_group_ref idref="lg-5"/>
            <logical_group_ref idref="lg-6"/>
         </contents>
      </logical_group>
      <logical_group id="lg-8" display="no" color="cyan">
         <name>.ipestruct</name>
         <run_address>0x4400</run_address>
         <size>0x0</size>
         <contents>
         </contents>
      </logical_group>
      <logical_group id="lg-9" display="no" color="cyan">
         <name>.ipe</name>
         <run_address>0x4400</run_address>
         <size>0x0</size>
         <contents>
         </contents>
      </logical_group>
      <logical_group id="lg-a" display="no" color="cyan">
         <name>.ipe_const</name>
         <run_address>0x4400</run_address>
         <size>0x0</size>
         <contents>
         </contents>
      </logical_group>
      <logical_group id="lg-b" display="no" color="cyan">
         <name>.ipe:_isr</name>
         <run_address>0x4400</run_address>
         <size>0x0</size>
         <contents>
         </contents>
      </logical_group>
      <logical_group id="lg-c" display="no" color="cyan">
         <name>.ipe_vars</name>
         <run_address>0x4400</run_address>
         <size>0x0</size>
         <contents>
         </contents>
      </logical_group>
      <logical_group id="lg-7" display="no" color="cyan">
         <name>IPENCAPSULATED_MEMORY</name>
         <run_address>0x4400</run_address>
         <size>0x0</size>
         <contents>
            <logical_group_ref idref="lg-8"/>
            <logical_group_ref idref="lg-9"/>
            <logical_group_ref idref="lg-a"/>
            <logical_group_ref idref="lg-b"/>
            <logical_group_ref idref="lg-c"/>
         </contents>
      </logical_group>
      <logical_group id="lg-2" display="no" color="cyan">
         <name>RW_IPE</name>
         <run_address>0x4400</run_address>
         <size>0x0</size>
         <contents>
            <logical_group_ref idref="lg-3"/>
            <logical_group_ref idref="lg-7"/>
         </contents>
      </logical_group>
      <logical_group id="lg-d" display="no" color="cyan">
         <name>.cinit</name>
         <run_address>0x0</run_address>
         <size>0x0</size>
         <contents>
         </contents>
      </logical_group>
      <logical_group id="lg-e" display="no" color="cyan">
         <name>.pinit</name>
         <run_address>0x0</run_address>
         <size>0x0</size>
         <contents>
         </contents>
      </logical_group>
      <logical_group id="lg-f" display="no" color="cyan">
         <name>.binit</name>
         <run_address>0x0</run_address>
         <size>0x0</size>
         <contents>
         </contents>
      </logical_group>
      <logical_group id="lg-10" display="no" color="cyan">
         <name>.init_array</name>
         <run_address>0x0</run_address>
         <size>0x0</size>
         <contents>
         </contents>
      </logical_group>
      <logical_group id="lg-11" display="no" color="cyan">
         <name>.mspabi.exidx</name>
         <run_address>0x0</run_address>
         <size>0x0</size>
         <contents>
         </contents>
      </logical_group>
      <logical_group id="lg-12" display="no" color="cyan">
         <name>.mspabi.extab</name>
         <run_address>0x0</run_address>
         <size>0x0</size>
         <contents>
         </contents>
      </logical_group>
      <logical_group id="lg-7d3" display="no" color="cyan">
         <name>.const</name>
         <load_address>0x4422</load_address>
         <run_address>0x4422</run_address>
         <size>0x1c</size>
         <contents>
            <object_component_ref idref="oc-751"/>
         </contents>
      </logical_group>
      <split_section id="lg-13" display="no" color="cyan">
         <name>.const</name>
         <contents>
            <logical_group_ref idref="lg-7d3"/>
         </contents>
      </split_section>
      <logical_group id="lg-14" display="no" color="cyan">
         <name>.text:_isr</name>
         <load_address>0x4400</load_address>
         <run_address>0x4400</run_address>
         <size>0x22</size>
         <contents>
            <object_component_ref idref="oc-bf"/>
            <object_component_ref idref="oc-677"/>
         </contents>
      </logical_group>
      <logical_group id="lg-7d4" display="no" color="cyan">
         <name>.text</name>
         <load_address>0x10000</load_address>
         <run_address>0x10000</run_address>
         <size>0x1e2</size>
         <contents>
            <object_component_ref idref="oc-689"/>
            <object_component_ref idref="oc-6d3"/>
            <object_component_ref idref="oc-6a3"/>
            <object_component_ref idref="oc-700"/>
            <object_component_ref idref="oc-6fa"/>
            <object_component_ref idref="oc-70c"/>
            <object_component_ref idref="oc-71c"/>
            <object_component_ref idref="oc-65d"/>
            <object_component_ref idref="oc-706"/>
            <object_component_ref idref="oc-6ab"/>
            <object_component_ref idref="oc-683"/>
            <object_component_ref idref="oc-6d9"/>
         </contents>
      </logical_group>
      <split_section id="lg-15" display="no" color="cyan">
         <name>.text</name>
         <contents>
            <logical_group_ref idref="lg-7d4"/>
         </contents>
      </split_section>
      <logical_group id="lg-16" display="no" color="cyan">
         <name>.jtagsignature</name>
         <run_address>0x0</run_address>
         <size>0x0</size>
         <contents>
         </contents>
      </logical_group>
      <logical_group id="lg-17" display="no" color="cyan">
         <name>.bslsignature</name>
         <run_address>0x0</run_address>
         <size>0x0</size>
         <contents>
         </contents>
      </logical_group>
      <logical_group id="lg-19" display="no" color="cyan">
         <name>.ipesignature</name>
         <run_address>0x0</run_address>
         <size>0x0</size>
         <contents>
         </contents>
      </logical_group>
      <logical_group id="lg-1a" display="no" color="cyan">
         <name>.jtagpassword</name>
         <run_address>0x0</run_address>
         <size>0x0</size>
         <contents>
         </contents>
      </logical_group>
      <logical_group id="lg-18" display="no" color="cyan">
         <name>SIGNATURE_SHAREDMEMORY</name>
         <run_address>0x0</run_address>
         <size>0x0</size>
         <contents>
            <logical_group_ref idref="lg-19"/>
            <logical_group_ref idref="lg-1a"/>
         </contents>
      </logical_group>
      <logical_group id="lg-1b" display="no" color="cyan">
         <name>.bss</name>
         <run_address>0x0</run_address>
         <size>0x0</size>
         <contents>
         </contents>
      </logical_group>
      <logical_group id="lg-1c" display="no" color="cyan">
         <name>.data</name>
         <run_address>0x0</run_address>
         <size>0x0</size>
         <contents>
         </contents>
      </logical_group>
      <logical_group id="lg-1d" display="no" color="cyan">
         <name>.TI.noinit</name>
         <run_address>0x0</run_address>
         <size>0x0</size>
         <contents>
         </contents>
      </logical_group>
      <logical_group id="lg-1e" display="no" color="cyan">
         <name>.stack</name>
         <run_address>0x2360</run_address>
         <size>0xa0</size>
         <contents>
            <object_component_ref idref="oc-659"/>
            <object_component_ref idref="oc-7d2"/>
         </contents>
      </logical_group>
      <logical_group id="lg-1f" display="no" color="cyan">
         <name>.tinyram</name>
         <run_address>0x0</run_address>
         <size>0x0</size>
         <contents>
         </contents>
      </logical_group>
      <logical_group id="lg-20" display="no" color="cyan">
         <name>.infoA</name>
         <run_address>0x0</run_address>
         <size>0x0</size>
         <contents>
         </contents>
      </logical_group>
      <logical_group id="lg-21" display="no" color="cyan">
         <name>.infoB</name>
         <run_address>0x0</run_address>
         <size>0x0</size>
         <contents>
         </contents>
      </logical_group>
      <logical_group id="lg-22" display="no" color="cyan">
         <name>.infoC</name>
         <run_address>0x0</run_address>
         <size>0x0</size>
         <contents>
         </contents>
      </logical_group>
      <logical_group id="lg-23" display="no" color="cyan">
         <name>.infoD</name>
         <run_address>0x0</run_address>
         <size>0x0</size>
         <contents>
         </contents>
      </logical_group>
[...]
      </symbol>
      <symbol id="sm-513">
         <name>UCB0CTLW1_H</name>
         <value>0x643</value>
      </symbol>
      <symbol id="sm-514">
         <name>UCB0BRW</name>
         <value>0x646</value>
      </symbol>
      <symbol id="sm-515">
         <name>UCB0BRW_L</name>
         <value>0x646</value>
      </symbol>
      <symbol id="sm-516">
         <name>UCB0BRW_H</name>
         <value>0x647</value>
      </symbol>
      <symbol id="sm-517">
         <name>UCB0STATW</name>
         <value>0x648</value>
      </symbol>
      <symbol id="sm-518">
         <name>UCB0STATW_L</name>
         <value>0x648</value>
      </symbol>
      <symbol id="sm-519">
         <name>UCB0STATW_H</name>
         <value>0x649</value>
      </symbol>
      <symbol id="sm-51a">
         <name>UCB0TBCNT</name>
         <value>0x64a</value>
      </symbol>
      <symbol id="sm-51b">
         <name>UCB0TBCNT_L</name>
         <value>0x64a</value>
      </symbol>
      <symbol id="sm-51c">
         <name>UCB0TBCNT_H</name>
         <value>0x64b</value>
      </symbol>
      <symbol id="sm-51d">
         <name>UCB0RXBUF</name>
         <value>0x64c</value>
      </symbol>
      <symbol id="sm-51e">
         <name>UCB0RXBUF_L</name>
         <value>0x64c</value>
      </symbol>
      <symbol id="sm-51f">
         <name>UCB0RXBUF_H</name>
         <value>0x64d</value>
      </symbol>
      <symbol id="sm-520">
         <name>UCB0TXBUF</name>
         <value>0x64e</value>
      </symbol>
      <symbol id="sm-521">
         <name>UCB0TXBUF_L</name>
         <value>0x64e</value>
      </symbol>
      <symbol id="sm-522">
         <name>UCB0TXBUF_H</name>
         <value>0x64f</value>
      </symbol>
      <symbol id="sm-523">
         <name>UCB0I2COA0</name>
         <value>0x654</value>
      </symbol>
      <symbol id="sm-524">
         <name>UCB0I2COA0_L</name>
         <value>0x654</value>
      </symbol>
      <symbol id="sm-525">
         <name>UCB0I2COA0_H</name>
         <value>0x655</value>
      </symbol>
      <symbol id="sm-526">
         <name>UCB0I2COA1</name>
         <value>0x656</value>
      </symbol>
      <symbol id="sm-527">
         <name>UCB0I2COA1_L</name>
         <value>0x656</value>
      </symbol>
      <symbol id="sm-528">
         <name>UCB0I2COA1_H</name>
         <value>0x657</value>
      </symbol>
      <symbol id="sm-529">
         <name>UCB0I2COA2</name>
         <value>0x658</value>
      </symbol>
      <symbol id="sm-52a">
         <name>UCB0I2COA2_L</name>
         <value>0x658</value>
      </symbol>
      <symbol id="sm-52b">
         <name>UCB0I2COA2_H</name>
         <value>0x659</value>
      </symbol>
      <symbol id="sm-52c">
         <name>UCB0I2COA3</name>
         <value>0x65a</value>
      </symbol>
      <symbol id="sm-52d">
         <name>UCB0I2COA3_L</name>
         <value>0x65a</value>
      </symbol>
      <symbol id="sm-52e">
         <name>UCB0I2COA3_H</name>
         <value>0x65b</value>
      </symbol>
      <symbol id="sm-52f">
         <name>UCB0ADDRX</name>
         <value>0x65c</value>
      </symbol>
      <symbol id="sm-530">
         <name>UCB0ADDRX_L</name>
         <value>0x65c</value>
      </symbol>
      <symbol id="sm-531">
         <name>UCB0ADDRX_H</name>
         <value>0x65d</value>
      </symbol>
      <symbol id="sm-532">
         <name>UCB0ADDMASK</name>
         <value>0x65e</value>
      </symbol>
      <symbol id="sm-533">
         <name>UCB0ADDMASK_L</name>
         <value>0x65e</value>
      </symbol>
      <symbol id="sm-534">
         <name>UCB0ADDMASK_H</name>
         <value>0x65f</value>
      </symbol>
      <symbol id="sm-535">
         <name>UCB0I2CSA</name>
         <value>0x660</value>
      </symbol>
      <symbol id="sm-536">
         <name>UCB0I2CSA_L</name>
         <value>0x660</value>
      </symbol>
      <symbol id="sm-537">
         <name>UCB0I2CSA_H</name>
         <value>0x661</value>
      </symbol>
      <symbol id="sm-538">
         <name>UCB0IE</name>
         <value>0x66a</value>
      </symbol>
      <symbol id="sm-539">
         <name>UCB0IE_L</name>
         <value>0x66a</value>
      </symbol>
      <symbol id="sm-53a">
         <name>UCB0IE_H</name>
         <value>0x66b</value>
      </symbol>
      <symbol id="sm-53b">
         <name>UCB0IFG</name>
         <value>0x66c</value>
      </symbol>
      <symbol id="sm-53c">
         <name>UCB0IFG_L</name>
         <value>0x66c</value>
      </symbol>
      <symbol id="sm-53d">
         <name>UCB0IFG_H</name>
         <value>0x66d</value>
      </symbol>
      <symbol id="sm-53e">
         <name>UCB0IV</name>
         <value>0x66e</value>
      </symbol>
      <symbol id="sm-53f">
         <name>UCB1CTLW0</name>
         <value>0x680</value>
      </symbol>
      <symbol id="sm-540">
         <name>UCB1CTLW0_L</name>
         <value>0x680</value>
      </symbol>
      <symbol id="sm-541">
         <name>UCB1CTLW0_H</name>
         <value>0x681</value>
      </symbol>
      <symbol id="sm-542">
         <name>UCB1CTLW1</name>
         <value>0x682</value>
      </symbol>
      <symbol id="sm-543">
         <name>UCB1CTLW1_L</name>
         <value>0x682</value>
      </symbol>
      <symbol id="sm-544">
         <name>UCB1CTLW1_H</name>
         <value>0x683</value>
      </symbol>
      <symbol id="sm-545">
         <name>UCB1BRW</name>
         <value>0x686</value>
      </symbol>
      <symbol id="sm-546">
         <name>UCB1BRW_L</name>
         <value>0x686</value>
      </symbol>
      <symbol id="sm-547">
         <name>UCB1BRW_H</name>
         <value>0x687</value>
      </symbol>
      <symbol id="sm-548">
         <name>UCB1STATW</name>
         <value>0x688</value>
      </symbol>
      <symbol id="sm-549">
         <name>UCB1STATW_L</name>
         <value>0x688</value>
      </symbol>
      <symbol id="sm-54a">
         <name>UCB1STATW_H</name>
         <value>0x689</value>
      </symbol>
      <symbol id="sm-54b">
         <name>UCB1TBCNT</name>
         <value>0x68a</value>
      </symbol>
      <symbol id="sm-54c">
         <name>UCB1TBCNT_L</name>
         <value>0x68a</value>
      </symbol>
      <symbol id="sm-54d">
         <name>UCB1TBCNT_H</name>
         <value>0x68b</value>
      </symbol>
      <symbol id="sm-54e">
         <name>UCB1RXBUF</name>
         <value>0x68c</value>
      </symbol>
      <symbol id="sm-54f">
         <name>UCB1RXBUF_L</name>
         <value>0x68c</value>
      </symbol>
      <symbol id="sm-550">
         <name>UCB1RXBUF_H</name>
         <value>0x68d</value>
      </symbol>
      <symbol id="sm-551">
         <name>UCB1TXBUF</name>
         <value>0x68e</value>
      </symbol>
      <symbol id="sm-552">
         <name>UCB1TXBUF_L</name>
         <value>0x68e</value>
      </symbol>
      <symbol id="sm-553">
         <name>UCB1TXBUF_H</name>
         <value>0x68f</value>
      </symbol>
      <symbol id="sm-554">
         <name>UCB1I2COA0</name>
         <value>0x694</value>
      </symbol>
      <symbol id="sm-555">
         <name>UCB1I2COA0_L</name>
         <value>0x694</value>
      </symbol>
      <symbol id="sm-556">
         <name>UCB1I2COA0_H</name>
         <value>0x695</value>
      </symbol>
      <symbol id="sm-557">
         <name>UCB1I2COA1</name>
         <value>0x696</value>
      </symbol>
      <symbol id="sm-558">
         <name>UCB1I2COA1_L</name>
         <value>0x696</value>
      </symbol>
      <symbol id="sm-559">
         <name>UCB1I2COA1_H</name>
         <value>0x697</value>
      </symbol>
      <symbol id="sm-55a">
         <name>UCB1I2COA2</name>
         <value>0x698</value>
      </symbol>
      <symbol id="sm-55b">
         <name>UCB1I2COA2_L</name>
         <value>0x698</value>
      </symbol>
      <symbol id="sm-55c">
         <name>UCB1I2COA2_H</name>
         <value>0x699</value>
      </symbol>
      <symbol id="sm-55d">
         <name>UCB1I2COA3</name>
         <value>0x69a</value>
      </symbol>
      <symbol id="sm-55e">
         <name>UCB1I2COA3_L</name>
         <value>0x69a</value>
      </symbol>
      <symbol id="sm-55f">
         <name>UCB1I2COA3_H</name>
         <value>0x69b</value>
      </symbol>
      <symbol id="sm-560">
         <name>UCB1ADDRX</name>
         <value>0x69c</value>
      </symbol>
      <symbol id="sm-561">
         <name>UCB1ADDRX_L</name>
         <value>0x69c</value>
      </symbol>
      <symbol id="sm-562">
         <name>UCB1ADDRX_H</name>
         <value>0x69d</value>
      </symbol>
      <symbol id="sm-563">
         <name>UCB1ADDMASK</name>
         <value>0x69e</value>
      </symbol>
      <symbol id="sm-564">
         <name>UCB1ADDMASK_L</name>
         <value>0x69e</value>
      </symbol>
      <symbol id="sm-565">
         <name>UCB1ADDMASK_H</name>
         <value>0x69f</value>
      </symbol>
      <symbol id="sm-566">
         <name>UCB1I2CSA</name>
         <value>0x6a0</value>
      </symbol>
      <symbol id="sm-567">
         <name>UCB1I2CSA_L</name>
         <value>0x6a0</value>
      </symbol>
      <symbol id="sm-568">
         <name>UCB1I2CSA_H</name>
         <value>0x6a1</value>
      </symbol>
      <symbol id="sm-569">
         <name>UCB1IE</name>
         <value>0x6aa</value>
      </symbol>
      <symbol id="sm-56a">
         <name>UCB1IE_L</name>
         <value>0x6aa</value>
      </symbol>
      <symbol id="sm-56b">
         <name>UCB1IE_H</name>
         <value>0x6ab</value>
      </symbol>
      <symbol id="sm-56c">
         <name>UCB1IFG</name>
         <value>0x6ac</value>
      </symbol>
      <symbol id="sm-56d">
         <name>UCB1IFG_L</name>
         <value>0x6ac</value>
      </symbol>
      <symbol id="sm-56e">
         <name>UCB1IFG_H</name>
         <value>0x6ad</value>
      </symbol>
      <symbol id="sm-56f">
         <name>UCB1IV</name>
         <value>0x6ae</value>
      </symbol>
      <symbol id="sm-570">
         <name>WDTCTL</name>
         <value>0x15c</value>
      </symbol>
      <symbol id="sm-571">
         <name>WDTCTL_L</name>
         <value>0x15c</value>
      </symbol>
      <symbol id="sm-572">
         <name>WDTCTL_H</name>
         <value>0x15d</value>
      </symbol>
      <symbol id="sm-573">
         <name>fram_rw_start</name>
         <value>0x4400</value>
      </symbol>
      <symbol id="sm-574">
         <name>fram_ipe_start</name>
         <value>0x4400</value>
      </symbol>
      <symbol id="sm-575">
         <name>fram_ipe_end</name>
         <value>0x4400</value>
      </symbol>
      <symbol id="sm-576">
         <name>fram_rx_start</name>
         <value>0x4400</value>
      </symbol>
      <symbol id="sm-577">
         <name>__STACK_SIZE</name>
         <value>0xa0</value>
      </symbol>
      <symbol id="sm-578">
         <name>__STACK_END</name>
         <value>0x2400</value>
      </symbol>
      <symbol id="sm-579">
         <name>__c_args__</name>
         <value>0xffffffff</value>
      </symbol>
      <symbol id="sm-57a">
         <name>__TI_pprof_out_hndl</name>
         <value>0xffffffff</value>
      </symbol>
      <symbol id="sm-57b">
         <name>__TI_prof_data_start</name>
         <value>0xffffffff</value>
      </symbol>
      <symbol id="sm-57c">
         <name>__TI_prof_data_size</name>
         <value>0xffffffff</value>
      </symbol>
      <symbol id="sm-5f5">
         <name>main</name>
         <value>0x100e8</value>
         <object_component_ref idref="oc-6a3"/>
      </symbol>
      <symbol id="sm-622">
         <name>GPIO_setAsOutputPin</name>
         <value>0x10134</value>
         <object_component_ref idref="oc-700"/>
      </symbol>
      <symbol id="sm-623">
         <name>GPIO_toggleOutputOnPin</name>
         <value>0x10188</value>
         <object_component_ref idref="oc-70c"/>
      </symbol>
      <symbol id="sm-62f">
         <name>PMM_unlockLPM5</name>
         <value>0x101d0</value>
         <object_component_ref idref="oc-706"/>
      </symbol>
      <symbol id="sm-641">
         <name>WDT_A_hold</name>
         <value>0x10168</value>
         <object_component_ref idref="oc-6fa"/>
      </symbol>
      <symbol id="sm-647">
         <name>__TI_int27</name>
         <value>0xffc6</value>
         <object_component_ref idref="oc-85"/>
      </symbol>
      <symbol id="sm-64f">
         <name>__TI_ISR_TRAP</name>
         <value>0x441a</value>
         <object_component_ref idref="oc-677"/>
      </symbol>
      <symbol id="sm-652">
         <name>__TI_int28</name>
         <value>0xffc8</value>
         <object_component_ref idref="oc-86"/>
      </symbol>
      <symbol id="sm-655">
         <name>__TI_int29</name>
         <value>0xffca</value>
         <object_component_ref idref="oc-87"/>
      </symbol>
      <symbol id="sm-658">
         <name>__TI_int30</name>
         <value>0xffcc</value>
         <object_component_ref idref="oc-88"/>
      </symbol>
      <symbol id="sm-65b">
         <name>__TI_int31</name>
         <value>0xffce</value>
         <object_component_ref idref="oc-89"/>
      </symbol>
      <symbol id="sm-65e">
         <name>__TI_int32</name>
         <value>0xffd0</value>
         <object_component_ref idref="oc-8a"/>
      </symbol>
      <symbol id="sm-661">
         <name>__TI_int33</name>
         <value>0xffd2</value>
         <object_component_ref idref="oc-8b"/>
      </symbol>
      <symbol id="sm-664">
         <name>__TI_int34</name>
         <value>0xffd4</value>
         <object_component_ref idref="oc-8c"/>
      </symbol>
      <symbol id="sm-667">
         <name>__TI_int35</name>
         <value>0xffd6</value>
         <object_component_ref idref="oc-8d"/>
      </symbol>
      <symbol id="sm-66a">
         <name>__TI_int36</name>
         <value>0xffd8</value>
         <object_component_ref idref="oc-8e"/>
      </symbol>
      <symbol id="sm-66d">
         <name>__TI_int37</name>
         <value>0xffda</value>
         <object_component_ref idref="oc-8f"/>
      </symbol>
      <symbol id="sm-670">
         <name>__TI_int38</name>
         <value>0xffdc</value>
         <object_component_ref idref="oc-90"/>
      </symbol>
      <symbol id="sm-673">
         <name>__TI_int39</name>
         <value>0xffde</value>
         <object_component_ref idref="oc-91"/>
      </symbol>
      <symbol id="sm-676">
         <name>__TI_int40</name>
         <value>0xffe0</value>
         <object_component_ref idref="oc-92"/>
      </symbol>
      <symbol id="sm-679">
         <name>__TI_int41</name>
         <value>0xffe2</value>
         <object_component_ref idref="oc-93"/>
      </symbol>
      <symbol id="sm-67c">
         <name>__TI_int42</name>
         <value>0xffe4</value>
         <object_component_ref idref="oc-94"/>
      </symbol>
      <symbol id="sm-67f">
         <name>__TI_int43</name>
         <value>0xffe6</value>
         <object_component_ref idref="oc-95"/>
      </symbol>
      <symbol id="sm-682">
         <name>__TI_int44</name>
         <value>0xffe8</value>
         <object_component_ref idref="oc-96"/>
      </symbol>
      <symbol id="sm-685">
         <name>__TI_int45</name>
         <value>0xffea</value>
         <object_component_ref idref="oc-97"/>
      </symbol>
      <symbol id="sm-688">
         <name>__TI_int46</name>
         <value>0xffec</value>
         <object_component_ref idref="oc-98"/>
      </symbol>
      <symbol id="sm-68b">
         <name>__TI_int47</name>
         <value>0xffee</value>
         <object_component_ref idref="oc-99"/>
      </symbol>
      <symbol id="sm-68e">
         <name>__TI_int48</name>
         <value>0xfff0</value>
         <object_component_ref idref="oc-9a"/>
      </symbol>
      <symbol id="sm-691">
         <name>__TI_int49</name>
         <value>0xfff2</value>
         <object_component_ref idref="oc-9b"/>
      </symbol>
      <symbol id="sm-694">
         <name>__TI_int50</name>
         <value>0xfff4</value>
         <object_component_ref idref="oc-9c"/>
      </symbol>
      <symbol id="sm-697">
         <name>__TI_int51</name>
         <value>0xfff6</value>
         <object_component_ref idref="oc-9d"/>
      </symbol>
      <symbol id="sm-69a">
         <name>__TI_int52</name>
         <value>0xfff8</value>
         <object_component_ref idref="oc-9e"/>
      </symbol>
      <symbol id="sm-69d">
         <name>__TI_int53</name>
         <value>0xfffa</value>
         <object_component_ref idref="oc-9f"/>
      </symbol>
      <symbol id="sm-6a0">
         <name>__TI_int54</name>
         <value>0xfffc</value>
         <object_component_ref idref="oc-a0"/>
      </symbol>
      <symbol id="sm-6ad">
         <name>__mspabi_mpyi_f5hw</name>
         <value>0x101a4</value>
         <object_component_ref idref="oc-71c"/>
      </symbol>
      <symbol id="sm-6bc">
         <name>_stack</name>
         <value>0x2360</value>
         <object_component_ref idref="oc-659"/>
      </symbol>
      <symbol id="sm-6bd">
         <name>_reset_vector</name>
         <value>0xfffe</value>
         <object_component_ref idref="oc-65c"/>
      </symbol>
      <symbol id="sm-6e0">
         <name>_auto_init_hold_wdt</name>
         <value>0x10000</value>
         <object_component_ref idref="oc-689"/>
      </symbol>
      <symbol id="sm-6ea">
         <name>_c_int00_noargs_noexit</name>
         <value>0x4400</value>
         <object_component_ref idref="oc-bf"/>
      </symbol>
      <symbol id="sm-6f4">
         <name>_system_post_cinit</name>
         <value>0x101e0</value>
         <object_component_ref idref="oc-6d9"/>
      </symbol>
      <symbol id="sm-6fd">
         <name>_system_pre_init</name>
         <value>0x101dc</value>
         <object_component_ref idref="oc-683"/>
      </symbol>
      <symbol id="sm-707">
         <name>C$$EXIT</name>
         <value>0x101d6</value>
         <object_component_ref idref="oc-6ab"/>
      </symbol>
      <symbol id="sm-708">
         <name>abort</name>
         <value>0x101d6</value>
         <object_component_ref idref="oc-6ab"/>
      </symbol>
      <symbol id="sm-725">
         <name>copy_in</name>
         <value>0x10082</value>
         <object_component_ref idref="oc-6d3"/>
      </symbol>
      <symbol id="sm-734">
         <name>memcpy</name>
         <value>0x101bc</value>
         <object_component_ref idref="oc-65d"/>
      </symbol>
      <symbol id="sm-735">
         <name>__TI_BINIT_Base</name>
         <value>0x0</value>
      </symbol>
      <symbol id="sm-736">
         <name>__TI_BINIT_Limit</name>
         <value>0x0</value>
      </symbol>
      <symbol id="sm-737">
         <name>__TI_Handler_Table_Base</name>
         <value>0x0</value>
      </symbol>
      <symbol id="sm-738">
         <name>__TI_Handler_Table_Limit</name>
         <value>0x0</value>
      </symbol>
      <symbol id="sm-739">
         <name>__TI_CINIT_Base</name>
         <value>0x0</value>
      </symbol>
      <symbol id="sm-73a">
         <name>__TI_CINIT_Limit</name>
         <value>0x0</value>
      </symbol>
      <symbol id="sm-73b">
         <name>__TI_INITARRAY_Base</name>
         <value>0x0</value>
      </symbol>
      <symbol id="sm-73c">
         <name>__TI_INITARRAY_Limit</name>
         <value>0x0</value>
      </symbol>
   </symbol_table>
   <title>Link successful</title>
</link_info>
